Traceback (most recent call last):
  File "C:\Users\hp\Desktop\Chips-portal-priyanshu\.venv\Lib\site-packages\sqlalchemy\engine\base.py", line 1969, in _exec_single_context
    self.dialect.do_execute(
    ~~~~~~~~~~~~~~~~~~~~~~~^
        cursor, str_statement, effective_parameters, context
        ^^^^^^^^^^^^^^^^^^^^^^^^^^^^^^^^^^^^^^^^^^^^^^^^^^^^
    )
    ^
  File "C:\Users\hp\Desktop\Chips-portal-priyanshu\.venv\Lib\site-packages\sqlalchemy\engine\default.py", line 952, in do_execute
    cursor.execute(statement, parameters)
    ~~~~~~~~~~~~~~^^^^^^^^^^^^^^^^^^^^^^^
psycopg2.errors.UndefinedTable: relation "candidate_document_table" does not exist
LINE 2: FROM candidate_table LEFT OUTER JOIN candidate_document_tabl...
                                             ^


The above exception was the direct cause of the following exception:

Traceback (most recent call last):
  File "C:\Users\hp\Desktop\Chips-portal-priyanshu\backend\routers\selection.py", line 44, in get_dc_candidates
    ).all()
      ~~~^^
  File "C:\Users\hp\Desktop\Chips-portal-priyanshu\.venv\Lib\site-packages\sqlalchemy\orm\query.py", line 2711, in all
    return self._iter().all()  # type: ignore
           ~~~~~~~~~~^^
  File "C:\Users\hp\Desktop\Chips-portal-priyanshu\.venv\Lib\site-packages\sqlalchemy\orm\query.py", line 2864, in _iter
    result: Union[ScalarResult[_T], Result[_T]] = self.session.execute(
                                                  ~~~~~~~~~~~~~~~~~~~~^
        statement,
        ^^^^^^^^^^
        params,
        ^^^^^^^
        execution_options={"_sa_orm_load_options": self.load_options},
        ^^^^^^^^^^^^^^^^^^^^^^^^^^^^^^^^^^^^^^^^^^^^^^^^^^^^^^^^^^^^^^
    )
    ^
  File "C:\Users\hp\Desktop\Chips-portal-priyanshu\.venv\Lib\site-packages\sqlalchemy\orm\session.py", line 2372, in execute
    return self._execute_internal(
           ~~~~~~~~~~~~~~~~~~~~~~^
        statement,
        ^^^^^^^^^^
    ...<4 lines>...
        _add_event=_add_event,
        ^^^^^^^^^^^^^^^^^^^^^^
    )
    ^
  File "C:\Users\hp\Desktop\Chips-portal-priyanshu\.venv\Lib\site-packages\sqlalchemy\orm\session.py", line 2270, in _execute_internal
    result: Result[Any] = compile_state_cls.orm_execute_statement(
                          ~~~~~~~~~~~~~~~~~~~~~~~~~~~~~~~~~~~~~~~^
        self,
        ^^^^^
    ...<4 lines>...
        conn,
        ^^^^^
    )
    ^
  File "C:\Users\hp\Desktop\Chips-portal-priyanshu\.venv\Lib\site-packages\sqlalchemy\orm\context.py", line 306, in orm_execute_statement
    result = conn.execute(
        statement, params or {}, execution_options=execution_options
    )
  File "C:\Users\hp\Desktop\Chips-portal-priyanshu\.venv\Lib\site-packages\sqlalchemy\engine\base.py", line 1421, in execute
    return meth(
        self,
        distilled_parameters,
        execution_options or NO_OPTIONS,
    )
  File "C:\Users\hp\Desktop\Chips-portal-priyanshu\.venv\Lib\site-packages\sqlalchemy\sql\elements.py", line 526, in _execute_on_connection
    return connection._execute_clauseelement(
           ~~~~~~~~~~~~~~~~~~~~~~~~~~~~~~~~~^
        self, distilled_params, execution_options
        ^^^^^^^^^^^^^^^^^^^^^^^^^^^^^^^^^^^^^^^^^
    )
    ^
  File "C:\Users\hp\Desktop\Chips-portal-priyanshu\.venv\Lib\site-packages\sqlalchemy\engine\base.py", line 1643, in _execute_clauseelement
    ret = self._execute_context(
        dialect,
    ...<8 lines>...
        cache_hit=cache_hit,
    )
  File "C:\Users\hp\Desktop\Chips-portal-priyanshu\.venv\Lib\site-packages\sqlalchemy\engine\base.py", line 1848, in _execute_context
    return self._exec_single_context(
           ~~~~~~~~~~~~~~~~~~~~~~~~~^
        dialect, context, statement, parameters
        ^^^^^^^^^^^^^^^^^^^^^^^^^^^^^^^^^^^^^^^
    )
    ^
  File "C:\Users\hp\Desktop\Chips-portal-priyanshu\.venv\Lib\site-packages\sqlalchemy\engine\base.py", line 1988, in _exec_single_context
    self._handle_dbapi_exception(
    ~~~~~~~~~~~~~~~~~~~~~~~~~~~~^
        e, str_statement, effective_parameters, cursor, context
        ^^^^^^^^^^^^^^^^^^^^^^^^^^^^^^^^^^^^^^^^^^^^^^^^^^^^^^^
    )
    ^
  File "C:\Users\hp\Desktop\Chips-portal-priyanshu\.venv\Lib\site-packages\sqlalchemy\engine\base.py", line 2365, in _handle_dbapi_exception
    raise sqlalchemy_exception.with_traceback(exc_info[2]) from e
  File "C:\Users\hp\Desktop\Chips-portal-priyanshu\.venv\Lib\site-packages\sqlalchemy\engine\base.py", line 1969, in _exec_single_context
    self.dialect.do_execute(
    ~~~~~~~~~~~~~~~~~~~~~~~^
        cursor, str_statement, effective_parameters, context
        ^^^^^^^^^^^^^^^^^^^^^^^^^^^^^^^^^^^^^^^^^^^^^^^^^^^^
    )
    ^
  File "C:\Users\hp\Desktop\Chips-portal-priyanshu\.venv\Lib\site-packages\sqlalchemy\engine\default.py", line 952, in do_execute
    cursor.execute(statement, parameters)
    ~~~~~~~~~~~~~~^^^^^^^^^^^^^^^^^^^^^^^
sqlalchemy.exc.ProgrammingError: (psycopg2.errors.UndefinedTable) relation "candidate_document_table" does not exist
LINE 2: FROM candidate_table LEFT OUTER JOIN candidate_document_tabl...
                                             ^

[SQL: SELECT candidate_table.id AS candidate_table_id, candidate_table.request_code AS candidate_table_request_code, candidate_table.name AS candidate_table_name, candidate_table.mobile AS candidate_table_mobile, candidate_table.email AS candidate_table_email, candidate_table.district AS candidate_table_district, candidate_table.qualification AS candidate_table_qualification, candidate_table.lms_id AS candidate_table_lms_id, candidate_table.nseit_id AS candidate_table_nseit_id, candidate_table.exam_unique_code AS candidate_table_exam_unique_code, candidate_table.dob AS candidate_table_dob, candidate_table.aadhaar AS candidate_table_aadhaar, candidate_table.address AS candidate_table_address, candidate_table.pincode AS candidate_table_pincode, candidate_table.is_existing_operator AS candidate_table_is_existing_operator, candidate_table.status_id AS candidate_table_status_id, candidate_table.created_at AS candidate_table_created_at, candidate_table.updated_at AS candidate_table_updated_at, candidate_document_table_1.id AS candidate_document_table_1_id, candidate_document_table_1.request_id AS candidate_document_table_1_request_id, candidate_document_table_1.photo_upload AS candidate_document_table_1_photo_upload, candidate_document_table_1.marksheet_upload AS candidate_document_table_1_marksheet_upload, candidate_document_table_1.tenth_marksheet_upload AS candidate_document_table_1_tenth_marksheet_upload, candidate_document_table_1.lms_certificate_upload AS candidate_document_table_1_lms_certificate_upload, candidate_document_table_1.nseit_certificate_upload AS candidate_document_table_1_nseit_certificate_upload 
FROM candidate_table LEFT OUTER JOIN candidate_document_table AS candidate_document_table_1 ON candidate_table.id = candidate_document_table_1.request_id 
WHERE candidate_table.status_id = %(status_id_1)s AND candidate_table.created_at < %(created_at_1)s]
[parameters: {'status_id_1': 1, 'created_at_1': datetime.datetime(2026, 6, 28, 14, 25, 58, 55418)}]
(Background on this error at: https://sqlalche.me/e/20/f405)
